[     873ms] [INFO] %cDownload the React DevTools for a better development experience: https://react.dev/link/react-devtools font-weight:bold @ http://localhost:3000/node_modules/.vite/deps/react-dom_client.js?v=50df9d3b:20102
[    1768ms] [ERROR] Failed to load resource: the server responded with a status of 500 (Internal Server Error) @ http://localhost:3000/api/handlers/projects?featuredOnly=true&pageSize=3&page=1:0
[    1769ms] [ERROR] Failed to load resource: the server responded with a status of 500 (Internal Server Error) @ http://localhost:3000/api/handlers/articles?page=1&pageSize=3:0
[    1776ms] [ERROR] %c[Server]%c color: #9333ea; font-weight: bold; color: inherit; {status: 500, unhandled: true, message: HTTPError} @ http://localhost:3000/src/routes/__root.tsx:118
[    1777ms] [ERROR] %c[Server]%c color: #9333ea; font-weight: bold; color: inherit; {status: 500, unhandled: true, message: HTTPError} @ http://localhost:3000/src/routes/__root.tsx:118
[    2546ms] [WARNING] React Flow: It seems like you are hiding the attribution. Please only do this when you are subscribed to React Flow Pro: https://reactflow.dev/remove-attr
%cYou can ignore this warning if you are subscribed. font-style: italic; @ http://localhost:3000/src/routes/__root.tsx:55
[    2816ms] [ERROR] Failed to load resource: the server responded with a status of 500 (Internal Server Error) @ http://localhost:3000/api/handlers/projects?featuredOnly=true&pageSize=3&page=1:0
[    2829ms] [ERROR] Failed to load resource: the server responded with a status of 500 (Internal Server Error) @ http://localhost:3000/api/handlers/articles?page=1&pageSize=3:0
[    2863ms] [ERROR] %c[Server]%c color: #9333ea; font-weight: bold; color: inherit; {status: 500, unhandled: true, message: HTTPError} @ http://localhost:3000/src/routes/__root.tsx:118
[    2864ms] [ERROR] %c[Server]%c color: #9333ea; font-weight: bold; color: inherit; {status: 500, unhandled: true, message: HTTPError} @ http://localhost:3000/src/routes/__root.tsx:118
[    4880ms] [ERROR] Failed to load resource: the server responded with a status of 500 (Internal Server Error) @ http://localhost:3000/api/handlers/projects?featuredOnly=true&pageSize=3&page=1:0
[    4914ms] [ERROR] Failed to load resource: the server responded with a status of 500 (Internal Server Error) @ http://localhost:3000/api/handlers/articles?page=1&pageSize=3:0
[    4929ms] [ERROR] %c[Server]%c color: #9333ea; font-weight: bold; color: inherit; {status: 500, unhandled: true, message: HTTPError} @ http://localhost:3000/src/routes/__root.tsx:118
[    4929ms] [ERROR] %c[Server]%c color: #9333ea; font-weight: bold; color: inherit; {status: 500, unhandled: true, message: HTTPError} @ http://localhost:3000/src/routes/__root.tsx:118
[    8895ms] [ERROR] Failed to load resource: the server responded with a status of 500 (Internal Server Error) @ http://localhost:3000/api/handlers/projects?featuredOnly=true&pageSize=3&page=1:0
[    8927ms] [ERROR] Failed to load resource: the server responded with a status of 500 (Internal Server Error) @ http://localhost:3000/api/handlers/articles?page=1&pageSize=3:0
[    8946ms] [ERROR] %c[Server]%c color: #9333ea; font-weight: bold; color: inherit; {status: 500, unhandled: true, message: HTTPError} @ http://localhost:3000/src/routes/__root.tsx:118
[    8946ms] [ERROR] %c[Server]%c color: #9333ea; font-weight: bold; color: inherit; {status: 500, unhandled: true, message: HTTPError} @ http://localhost:3000/src/routes/__root.tsx:118
[  138338ms] [ERROR] Failed to load resource: the server responded with a status of 500 (Internal Server Error) @ http://localhost:3000/api/handlers/articles?page=1&pageSize=9:0
[  138382ms] [ERROR] %c[Server]%c color: #9333ea; font-weight: bold; color: inherit; {status: 500, unhandled: true, message: HTTPError} @ http://localhost:3000/src/routes/__root.tsx:118
[  139351ms] [ERROR] Failed to load resource: the server responded with a status of 500 (Internal Server Error) @ http://localhost:3000/api/handlers/articles?page=1&pageSize=9:0
[  139400ms] [ERROR] %c[Server]%c color: #9333ea; font-weight: bold; color: inherit; {status: 500, unhandled: true, message: HTTPError} @ http://localhost:3000/src/routes/__root.tsx:118
[  141362ms] [ERROR] Failed to load resource: the server responded with a status of 500 (Internal Server Error) @ http://localhost:3000/api/handlers/articles?page=1&pageSize=9:0
[  141412ms] [ERROR] %c[Server]%c color: #9333ea; font-weight: bold; color: inherit; {status: 500, unhandled: true, message: HTTPError} @ http://localhost:3000/src/routes/__root.tsx:118
[  145373ms] [ERROR] Failed to load resource: the server responded with a status of 500 (Internal Server Error) @ http://localhost:3000/api/handlers/articles?page=1&pageSize=9:0
[  145425ms] [ERROR] %c[Server]%c color: #9333ea; font-weight: bold; color: inherit; {status: 500, unhandled: true, message: HTTPError} @ http://localhost:3000/src/routes/__root.tsx:118
[  150033ms] [ERROR] Failed to load resource: the server responded with a status of 500 (Internal Server Error) @ http://localhost:3000/api/handlers/projects?featuredOnly=true&pageSize=3&page=1:0
[  150033ms] [ERROR] Failed to load resource: the server responded with a status of 500 (Internal Server Error) @ http://localhost:3000/api/handlers/articles?page=1&pageSize=3:0
[  150034ms] [ERROR] %c[Server]%c color: #9333ea; font-weight: bold; color: inherit; {status: 500, unhandled: true, message: HTTPError} @ http://localhost:3000/src/routes/__root.tsx:118
[  150034ms] [ERROR] %c[Server]%c color: #9333ea; font-weight: bold; color: inherit; {status: 500, unhandled: true, message: HTTPError} @ http://localhost:3000/src/routes/__root.tsx:118
[  151054ms] [ERROR] Failed to load resource: the server responded with a status of 500 (Internal Server Error) @ http://localhost:3000/api/handlers/projects?featuredOnly=true&pageSize=3&page=1:0
[  151069ms] [ERROR] Failed to load resource: the server responded with a status of 500 (Internal Server Error) @ http://localhost:3000/api/handlers/articles?page=1&pageSize=3:0
[  151104ms] [ERROR] %c[Server]%c color: #9333ea; font-weight: bold; color: inherit; {status: 500, unhandled: true, message: HTTPError} @ http://localhost:3000/src/routes/__root.tsx:118
[  151105ms] [ERROR] %c[Server]%c color: #9333ea; font-weight: bold; color: inherit; {status: 500, unhandled: true, message: HTTPError} @ http://localhost:3000/src/routes/__root.tsx:118
