[    4911ms] [INFO] %cDownload the React DevTools for a better development experience: https://react.dev/link/react-devtools font-weight:bold @ http://localhost:3000/node_modules/.vite/deps/react-dom_client.js?v=50df9d3b:20102
[    7935ms] [ERROR] Failed to load resource: the server responded with a status of 500 (Internal Server Error) @ http://localhost:3000/api/handlers/projects?featuredOnly=true&pageSize=3&page=1:0
[    7949ms] [ERROR] Failed to load resource: the server responded with a status of 500 (Internal Server Error) @ http://localhost:3000/api/handlers/articles?page=1&pageSize=3:0
[    7999ms] [ERROR] %c[Server]%c color: #9333ea; font-weight: bold; color: inherit; {status: 500, unhandled: true, message: HTTPError} @ http://localhost:3000/src/routes/__root.tsx:118
[    8000ms] [ERROR] %c[Server]%c color: #9333ea; font-weight: bold; color: inherit; {status: 500, unhandled: true, message: HTTPError} @ http://localhost:3000/src/routes/__root.tsx:118
[    8391ms] [LOG] %c[Server]%c color: #9333ea; font-weight: bold; color: inherit; Defaulting to 'auto' which will select the first provider available for the model, sorted by the user's order in https://hf.co/settings/inference-providers. @ http://localhost:3000/src/routes/__root.tsx:118
[    8622ms] [WARNING] React Flow: It seems like you are hiding the attribution. Please only do this when you are subscribed to React Flow Pro: https://reactflow.dev/remove-attr
%cYou can ignore this warning if you are subscribed. font-style: italic; @ http://localhost:3000/src/routes/__root.tsx:55
[    8856ms] [LOG] %c[Server]%c color: #9333ea; font-weight: bold; color: inherit; Auto selected provider: hf-inference @ http://localhost:3000/src/routes/__root.tsx:118
[    8998ms] [ERROR] Failed to load resource: the server responded with a status of 500 (Internal Server Error) @ http://localhost:3000/api/handlers/projects?featuredOnly=true&pageSize=3&page=1:0
[    9060ms] [ERROR] Failed to load resource: the server responded with a status of 500 (Internal Server Error) @ http://localhost:3000/api/handlers/articles?page=1&pageSize=3:0
[    9069ms] [ERROR] %c[Server]%c color: #9333ea; font-weight: bold; color: inherit; {status: 500, unhandled: true, message: HTTPError} @ http://localhost:3000/src/routes/__root.tsx:118
[    9069ms] [WARNING] %c[Server]%c color: #9333ea; font-weight: bold; color: inherit; [embeddings] Hugging Face call failed; using fallback: {} @ http://localhost:3000/src/routes/__root.tsx:118
[    9069ms] [ERROR] %c[Server]%c color: #9333ea; font-weight: bold; color: inherit; {status: 500, unhandled: true, message: HTTPError} @ http://localhost:3000/src/routes/__root.tsx:118
[   11034ms] [ERROR] Failed to load resource: the server responded with a status of 500 (Internal Server Error) @ http://localhost:3000/api/handlers/projects?featuredOnly=true&pageSize=3&page=1:0
[   11084ms] [ERROR] %c[Server]%c color: #9333ea; font-weight: bold; color: inherit; {status: 500, unhandled: true, message: HTTPError} @ http://localhost:3000/src/routes/__root.tsx:118
[   11151ms] [ERROR] Failed to load resource: the server responded with a status of 500 (Internal Server Error) @ http://localhost:3000/api/handlers/articles?page=1&pageSize=3:0
[   11200ms] [ERROR] %c[Server]%c color: #9333ea; font-weight: bold; color: inherit; {status: 500, unhandled: true, message: HTTPError} @ http://localhost:3000/src/routes/__root.tsx:118
[   15050ms] [ERROR] Failed to load resource: the server responded with a status of 500 (Internal Server Error) @ http://localhost:3000/api/handlers/projects?featuredOnly=true&pageSize=3&page=1:0
[   15100ms] [ERROR] %c[Server]%c color: #9333ea; font-weight: bold; color: inherit; {status: 500, unhandled: true, message: HTTPError} @ http://localhost:3000/src/routes/__root.tsx:118
[   15193ms] [ERROR] Failed to load resource: the server responded with a status of 500 (Internal Server Error) @ http://localhost:3000/api/handlers/articles?page=1&pageSize=3:0
[   15240ms] [ERROR] %c[Server]%c color: #9333ea; font-weight: bold; color: inherit; {status: 500, unhandled: true, message: HTTPError} @ http://localhost:3000/src/routes/__root.tsx:118
[   37070ms] [INFO] %cDownload the React DevTools for a better development experience: https://react.dev/link/react-devtools font-weight:bold @ http://localhost:3000/node_modules/.vite/deps/react-dom_client.js?v=50df9d3b:20102
[   38216ms] [ERROR] Failed to load resource: the server responded with a status of 500 (Internal Server Error) @ http://localhost:3000/api/handlers/projects?featuredOnly=true&pageSize=3&page=1:0
[   38216ms] [ERROR] Failed to load resource: the server responded with a status of 500 (Internal Server Error) @ http://localhost:3000/api/handlers/articles?page=1&pageSize=3:0
[   38385ms] [ERROR] %c[Server]%c color: #9333ea; font-weight: bold; color: inherit; {status: 500, unhandled: true, message: HTTPError} @ http://localhost:3000/src/routes/__root.tsx:118
[   38385ms] [ERROR] %c[Server]%c color: #9333ea; font-weight: bold; color: inherit; {status: 500, unhandled: true, message: HTTPError} @ http://localhost:3000/src/routes/__root.tsx:118
[   39015ms] [WARNING] React Flow: It seems like you are hiding the attribution. Please only do this when you are subscribed to React Flow Pro: https://reactflow.dev/remove-attr
%cYou can ignore this warning if you are subscribed. font-style: italic; @ http://localhost:3000/src/routes/__root.tsx:55
[   39289ms] [ERROR] Failed to load resource: the server responded with a status of 500 (Internal Server Error) @ http://localhost:3000/api/handlers/articles?page=1&pageSize=3:0
[   39317ms] [ERROR] Failed to load resource: the server responded with a status of 500 (Internal Server Error) @ http://localhost:3000/api/handlers/projects?featuredOnly=true&pageSize=3&page=1:0
[   39336ms] [ERROR] %c[Server]%c color: #9333ea; font-weight: bold; color: inherit; {status: 500, unhandled: true, message: HTTPError} @ http://localhost:3000/src/routes/__root.tsx:118
[   39336ms] [ERROR] %c[Server]%c color: #9333ea; font-weight: bold; color: inherit; {status: 500, unhandled: true, message: HTTPError} @ http://localhost:3000/src/routes/__root.tsx:118
[   41305ms] [ERROR] Failed to load resource: the server responded with a status of 500 (Internal Server Error) @ http://localhost:3000/api/handlers/articles?page=1&pageSize=3:0
[   41332ms] [ERROR] Failed to load resource: the server responded with a status of 500 (Internal Server Error) @ http://localhost:3000/api/handlers/projects?featuredOnly=true&pageSize=3&page=1:0
[   41356ms] [ERROR] %c[Server]%c color: #9333ea; font-weight: bold; color: inherit; {status: 500, unhandled: true, message: HTTPError} @ http://localhost:3000/src/routes/__root.tsx:118
[   41356ms] [ERROR] %c[Server]%c color: #9333ea; font-weight: bold; color: inherit; {status: 500, unhandled: true, message: HTTPError} @ http://localhost:3000/src/routes/__root.tsx:118
[   45323ms] [ERROR] Failed to load resource: the server responded with a status of 500 (Internal Server Error) @ http://localhost:3000/api/handlers/articles?page=1&pageSize=3:0
[   45350ms] [ERROR] Failed to load resource: the server responded with a status of 500 (Internal Server Error) @ http://localhost:3000/api/handlers/projects?featuredOnly=true&pageSize=3&page=1:0
[   45374ms] [ERROR] %c[Server]%c color: #9333ea; font-weight: bold; color: inherit; {status: 500, unhandled: true, message: HTTPError} @ http://localhost:3000/src/routes/__root.tsx:118
[   45374ms] [ERROR] %c[Server]%c color: #9333ea; font-weight: bold; color: inherit; {status: 500, unhandled: true, message: HTTPError} @ http://localhost:3000/src/routes/__root.tsx:118
[   64248ms] [LOG] %c[Server]%c color: #9333ea; font-weight: bold; color: inherit; Defaulting to 'auto' which will select the first provider available for the model, sorted by the user's order in https://hf.co/settings/inference-providers. @ http://localhost:3000/src/routes/__root.tsx:118
[   64248ms] [LOG] %c[Server]%c color: #9333ea; font-weight: bold; color: inherit; Auto selected provider: hf-inference @ http://localhost:3000/src/routes/__root.tsx:118
[   81294ms] [LOG] %c[Server]%c color: #9333ea; font-weight: bold; color: inherit; Defaulting to 'auto' which will select the first provider available for the model, sorted by the user's order in https://hf.co/settings/inference-providers. @ http://localhost:3000/src/routes/__root.tsx:118
[   81294ms] [LOG] %c[Server]%c color: #9333ea; font-weight: bold; color: inherit; Auto selected provider: hf-inference @ http://localhost:3000/src/routes/__root.tsx:118
